// Vitest Snapshot v1, https://vitest.dev/guide/snapshot.html

exports[`App component > should render greeting and button with text "Exit" if authorized 1`] = `
<div
  data-testid="app"
>
  <p>
    Вы авторизованы!!!
  </p>
  <button>
    Выйти
  </button>
  <h3>
    Список пользователей:
  </h3>
  <ul
    data-testid="users-list"
  >
    <li>
      Leanne Graham
    </li>
    <li>
      Ervin Howell
    </li>
    <li>
      Clementine Bauch
    </li>
    <li>
      Patricia Lebsack
    </li>
    <li>
      Chelsey Dietrich
    </li>
    <li>
      Mrs. Dennis Schulist
    </li>
    <li>
      Kurtis Weissnat
    </li>
    <li>
      Nicholas Runolfsdottir V
    </li>
    <li>
      Glenna Reichert
    </li>
    <li>
      Clementina DuBuque
    </li>
  </ul>
</div>
`;

exports[`App component > should render of button with text "Login" if not logged in 1`] = `
<div
  data-testid="app"
>
  <button>
    Авторизоваться
  </button>
</div>
`;
